03/03/2025 06:14:54 PM - INFO - 1.266s - start script: ./src/TurboPutative-2.0-built/TPWrapper.py --workdir=/home/proteo/projects/TurboPutative-web/src/public/jobs/4eYOz8s8nD_neg --workflow=123456 --infile=CMM_neg.tsv --tmfile=TM_Table_neg.tsv
03/03/2025 06:14:54 PM - INFO - 1.266s - Start PreProcesser
03/03/2025 06:14:54 PM - INFO - MSTable was read successfully: /home/proteo/projects/TurboPutative-web/src/public/jobs/4eYOz8s8nD_neg/CMM_neg.tsv
03/03/2025 06:14:54 PM - INFO - MSTable columns checked successfully
03/03/2025 06:14:55 PM - INFO - preProcessedTable.tsv was written successfully: /home/proteo/projects/TurboPutative-web/src/public/jobs/4eYOz8s8nD_neg/preProcessedTable.tsv
03/03/2025 06:14:55 PM - INFO - CMM_neg was written successfully: /home/proteo/projects/TurboPutative-web/src/public/jobs/4eYOz8s8nD_neg/CMM_neg
03/03/2025 06:14:55 PM - INFO - TMTable was read successfully: /home/proteo/projects/TurboPutative-web/src/public/jobs/4eYOz8s8nD_neg/TM_Table_neg.tsv
03/03/2025 06:14:55 PM - INFO - TM_table.tsv was written successfully: /home/proteo/projects/TurboPutative-web/src/public/jobs/4eYOz8s8nD_neg/TM_table.tsv
03/03/2025 06:14:55 PM - INFO - TM_Table_neg was written successfully: /home/proteo/projects/TurboPutative-web/src/public/jobs/4eYOz8s8nD_neg/TM_Table_neg
03/03/2025 06:14:55 PM - INFO - Config file written successfully: /home/proteo/projects/TurboPutative-web/src/public/jobs/4eYOz8s8nD_neg/configFile.ini
03/03/2025 06:14:55 PM - INFO - 1.937s - End PreProcesser
03/03/2025 06:14:55 PM - INFO - 1.937s - Start Tagger
03/03/2025 06:14:59 PM - INFO - 6.378s - End Tagger
03/03/2025 06:14:59 PM - INFO - 6.378s - Start REname1
03/03/2025 06:15:01 PM - INFO - 8.095s - End REname1
03/03/2025 06:15:01 PM - INFO - 8.095s - Start TPGoslin
03/03/2025 06:15:02 PM - INFO - 9.621s - End TPGoslin
03/03/2025 06:15:02 PM - INFO - 9.622s - Start REname2
03/03/2025 06:15:58 PM - INFO - Creating pending file folder: /home/proteo/projects/TurboPutative-web/src/TurboPutative-2.0-built/ppGenerator/pendingFiles/4eYOz8s8nD_neg
03/03/2025 06:15:58 PM - INFO - 65.151s - End REname2
03/03/2025 06:15:58 PM - INFO - 65.152s - Start RowMerger
03/03/2025 06:15:58 PM - INFO - 65.469s - End RowMerger
03/03/2025 06:15:58 PM - INFO - 65.469s - Start TableMerger
03/03/2025 06:15:59 PM - INFO - 65.798s - End TableMerger
03/03/2025 06:15:59 PM - INFO - 65.798s - Start TPMetrics
03/03/2025 06:15:59 PM - INFO - Initializing TPMetrics object
03/03/2025 06:15:59 PM - INFO - TPMetrics object initialized
03/03/2025 06:15:59 PM - INFO - Identify associated annotations based on _TP-Molecular Weight
03/03/2025 06:16:08 PM - INFO - Identify associated annotations based on TP_Class
03/03/2025 06:16:20 PM - INFO - Calculating correlations under the null hypothesis
03/03/2025 06:16:20 PM - INFO - Calculating score based on maximum correlation: TP_max_corr1_score
03/03/2025 06:16:22 PM - INFO - Calculating score based on maximum correlation: TP_max_corr2_score
03/03/2025 06:16:22 PM - INFO - Calculating score based on sum of all correlations
03/03/2025 06:16:23 PM - INFO - Calculating score based on sum of all correlations
03/03/2025 06:16:25 PM - INFO - Combining scores based on maximum and addition of correlations
03/03/2025 06:16:26 PM - INFO - Identify group of annotations providing the maximum score
03/03/2025 06:16:26 PM - INFO - Identify group of annotations providing the maximum score
03/03/2025 06:16:26 PM - INFO - Calculate final score and apply error penalty
03/03/2025 06:16:26 PM - INFO - Writing output file: /home/proteo/projects/TurboPutative-web/src/public/jobs/4eYOz8s8nD_neg/4_TPMetrics.tsv
03/03/2025 06:16:26 PM - INFO - 93.282s - End TPMetrics
03/03/2025 06:16:26 PM - INFO - 93.283s - Start TPFilter
03/03/2025 06:16:26 PM - INFO - Filtering table
03/03/2025 06:16:29 PM - INFO - Writing output file: /home/proteo/projects/TurboPutative-web/src/public/jobs/4eYOz8s8nD_neg/4_TPFilter.tsv
03/03/2025 06:16:29 PM - INFO - 95.842s - End TPFilter
03/03/2025 06:16:29 PM - INFO - 95.842s - Start PostProcesser
03/03/2025 06:16:29 PM - INFO - Table was added: CMM_neg.tsv
03/03/2025 06:16:29 PM - INFO - Table was added: TM_Table_neg.tsv
03/03/2025 06:16:29 PM - INFO - Reading table: 1_Tagger.tsv
03/03/2025 06:16:29 PM - INFO - Table read
03/03/2025 06:16:29 PM - INFO - Writing table: 1_Tagger.tsv
03/03/2025 06:16:29 PM - INFO - Table written
03/03/2025 06:16:29 PM - INFO - Table was added: 1_Tagger.tsv
03/03/2025 06:16:29 PM - INFO - Reading table: 2_REname.tsv
03/03/2025 06:16:29 PM - INFO - Table read
03/03/2025 06:16:29 PM - INFO - Writing table: 2_REname.tsv
03/03/2025 06:16:29 PM - INFO - Table written
03/03/2025 06:16:29 PM - INFO - Table was added: 2_REname.tsv
03/03/2025 06:16:29 PM - INFO - Reading table: 3_RowMerger.tsv
03/03/2025 06:16:29 PM - INFO - Table read
03/03/2025 06:16:29 PM - INFO - Writing table: 3_RowMerger.tsv
03/03/2025 06:16:29 PM - INFO - Table written
03/03/2025 06:16:29 PM - INFO - Table was added: 3_RowMerger.tsv
03/03/2025 06:16:29 PM - INFO - Reading table: 4_TPMetrics.tsv
03/03/2025 06:16:29 PM - INFO - Table read
03/03/2025 06:16:29 PM - INFO - Writing table: 4_TPMetrics.tsv
03/03/2025 06:16:30 PM - INFO - Table written
03/03/2025 06:16:30 PM - INFO - Table was added: 4_TPMetrics.tsv
03/03/2025 06:16:30 PM - INFO - Reading table: 4_TPFilter.tsv
03/03/2025 06:16:30 PM - INFO - Table read
03/03/2025 06:16:30 PM - INFO - Writing table: 4_TPFilter.tsv
03/03/2025 06:16:30 PM - INFO - Table written
03/03/2025 06:16:30 PM - INFO - Table was added: 4_TPFilter.tsv
03/03/2025 06:16:30 PM - INFO - Final tables were generated
03/03/2025 06:16:30 PM - INFO - Make a zip with all result files
03/03/2025 06:16:30 PM - INFO - Zip was created: TurboPutative_results.zip
03/03/2025 06:16:30 PM - INFO - 97.012s - End PostProcesser
03/03/2025 06:16:30 PM - INFO - Creating extension folder: ini
03/03/2025 06:16:30 PM - INFO - Move file to ini folder: regex.ini
03/03/2025 06:16:30 PM - INFO - Move file to ini folder: configUser.ini
03/03/2025 06:16:30 PM - INFO - Move file to ini folder: configFile.ini
03/03/2025 06:16:30 PM - INFO - Creating extension folder: tsv
03/03/2025 06:16:30 PM - INFO - Move file to tsv folder: preProcessedTable.tsv
03/03/2025 06:16:30 PM - INFO - Move file to tsv folder: TM_table.tsv
03/03/2025 06:16:30 PM - INFO - Move file to tsv folder: 1_Tagger.tsv
03/03/2025 06:16:30 PM - INFO - Move file to tsv folder: Pre_REname_Table.tsv
03/03/2025 06:16:30 PM - INFO - Move file to tsv folder: 2_REname.tsv
03/03/2025 06:16:30 PM - INFO - Move file to tsv folder: 3_RowMerger.tsv
03/03/2025 06:16:30 PM - INFO - Move file to tsv folder: 4_TableMerger.tsv
03/03/2025 06:16:30 PM - INFO - Move file to tsv folder: 4_TPMetrics.tsv
03/03/2025 06:16:30 PM - INFO - Move file to tsv folder: 4_TPFilter.tsv
03/03/2025 06:16:30 PM - INFO - Creating extension folder: html
03/03/2025 06:16:30 PM - INFO - Move file to html folder: CMM_neg.html
03/03/2025 06:16:30 PM - INFO - Move file to html folder: TM_Table_neg.html
03/03/2025 06:16:30 PM - INFO - Move file to html folder: 1_Tagger_CMM_neg.html
03/03/2025 06:16:30 PM - INFO - Move file to html folder: 2_REname_CMM_neg.html
03/03/2025 06:16:30 PM - INFO - Move file to html folder: 3_RowMerger_CMM_neg.html
03/03/2025 06:16:30 PM - INFO - Move file to html folder: 4_TPMetrics_CMM_neg.html
03/03/2025 06:16:30 PM - INFO - Move file to html folder: 4_TPFilter_CMM_neg.html
03/03/2025 06:16:30 PM - INFO - Creating extension folder: row
03/03/2025 06:16:30 PM - INFO - Move file to row folder: CMM_neg.row
03/03/2025 06:16:30 PM - INFO - Move file to row folder: TM_Table_neg.row
03/03/2025 06:16:30 PM - INFO - Move file to row folder: 1_Tagger_CMM_neg.row
03/03/2025 06:16:30 PM - INFO - Move file to row folder: 2_REname_CMM_neg.row
03/03/2025 06:16:30 PM - INFO - Move file to row folder: 3_RowMerger_CMM_neg.row
03/03/2025 06:16:30 PM - INFO - Move file to row folder: 4_TPMetrics_CMM_neg.row
03/03/2025 06:16:30 PM - INFO - Move file to row folder: 4_TPFilter_CMM_neg.row
03/03/2025 06:16:30 PM - INFO - Creating extension folder: json
03/03/2025 06:16:30 PM - INFO - Move file to json folder: type2basename.json
03/03/2025 06:16:30 PM - INFO - Creating extension folder: log
03/03/2025 06:16:30 PM - INFO - Move file to log folder: TPGoslin.log
03/03/2025 06:16:30 PM - INFO - 97.027s - end script
