03/03/2025 05:47:20 PM - INFO - 0.804s - start script: ./src/TurboPutative-2.0-built/TPWrapper.py --workdir=/home/proteo/projects/TurboPutative-web/src/public/jobs/4eYOz8s8nD_pos --workflow=123456 --infile=CMM_pos.tsv --tmfile=TM_Table_pos.tsv
03/03/2025 05:47:20 PM - INFO - 0.804s - Start PreProcesser
03/03/2025 05:47:21 PM - INFO - MSTable was read successfully: /home/proteo/projects/TurboPutative-web/src/public/jobs/4eYOz8s8nD_pos/CMM_pos.tsv
03/03/2025 05:47:21 PM - INFO - MSTable columns checked successfully
03/03/2025 05:47:24 PM - INFO - preProcessedTable.tsv was written successfully: /home/proteo/projects/TurboPutative-web/src/public/jobs/4eYOz8s8nD_pos/preProcessedTable.tsv
03/03/2025 05:47:24 PM - INFO - CMM_pos was written successfully: /home/proteo/projects/TurboPutative-web/src/public/jobs/4eYOz8s8nD_pos/CMM_pos
03/03/2025 05:47:24 PM - INFO - TMTable was read successfully: /home/proteo/projects/TurboPutative-web/src/public/jobs/4eYOz8s8nD_pos/TM_Table_pos.tsv
03/03/2025 05:47:24 PM - INFO - TM_table.tsv was written successfully: /home/proteo/projects/TurboPutative-web/src/public/jobs/4eYOz8s8nD_pos/TM_table.tsv
03/03/2025 05:47:24 PM - INFO - TM_Table_pos was written successfully: /home/proteo/projects/TurboPutative-web/src/public/jobs/4eYOz8s8nD_pos/TM_Table_pos
03/03/2025 05:47:24 PM - INFO - Config file written successfully: /home/proteo/projects/TurboPutative-web/src/public/jobs/4eYOz8s8nD_pos/configFile.ini
03/03/2025 05:47:24 PM - INFO - 5.306s - End PreProcesser
03/03/2025 05:47:24 PM - INFO - 5.306s - Start Tagger
03/03/2025 05:47:36 PM - INFO - 16.961s - End Tagger
03/03/2025 05:47:36 PM - INFO - 16.962s - Start REname1
03/03/2025 05:48:35 PM - INFO - 76.188s - End REname1
03/03/2025 05:48:35 PM - INFO - 76.188s - Start TPGoslin
03/03/2025 05:48:37 PM - INFO - 77.675s - End TPGoslin
03/03/2025 05:48:37 PM - INFO - 77.675s - Start REname2
03/03/2025 06:02:25 PM - INFO - Creating pending file folder: /home/proteo/projects/TurboPutative-web/src/TurboPutative-2.0-built/ppGenerator/pendingFiles/4eYOz8s8nD_pos
03/03/2025 06:02:25 PM - INFO - 905.889s - End REname2
03/03/2025 06:02:25 PM - INFO - 905.89s - Start RowMerger
03/03/2025 06:02:27 PM - INFO - 907.961s - End RowMerger
03/03/2025 06:02:27 PM - INFO - 907.961s - Start TableMerger
03/03/2025 06:02:30 PM - INFO - 910.616s - End TableMerger
03/03/2025 06:02:30 PM - INFO - 910.617s - Start TPMetrics
03/03/2025 06:02:30 PM - INFO - Initializing TPMetrics object
03/03/2025 06:02:30 PM - INFO - TPMetrics object initialized
03/03/2025 06:02:32 PM - INFO - Identify associated annotations based on _TP-Molecular Weight
03/03/2025 06:03:04 PM - INFO - Identify associated annotations based on TP_Class
03/03/2025 06:04:01 PM - INFO - Calculating correlations under the null hypothesis
03/03/2025 06:04:05 PM - INFO - Calculating score based on maximum correlation: TP_max_corr1_score
03/03/2025 06:04:36 PM - INFO - Calculating score based on maximum correlation: TP_max_corr2_score
03/03/2025 06:04:55 PM - INFO - Calculating score based on sum of all correlations
03/03/2025 06:05:01 PM - INFO - Calculating score based on sum of all correlations
03/03/2025 06:05:23 PM - INFO - Combining scores based on maximum and addition of correlations
03/03/2025 06:05:25 PM - INFO - Identify group of annotations providing the maximum score
03/03/2025 06:05:26 PM - INFO - Identify group of annotations providing the maximum score
03/03/2025 06:05:26 PM - INFO - Calculate final score and apply error penalty
03/03/2025 06:05:27 PM - INFO - Writing output file: /home/proteo/projects/TurboPutative-web/src/public/jobs/4eYOz8s8nD_pos/4_TPMetrics.tsv
03/03/2025 06:05:28 PM - INFO - 1088.519s - End TPMetrics
03/03/2025 06:05:28 PM - INFO - 1088.519s - Start TPFilter
03/03/2025 06:05:28 PM - INFO - Filtering table
03/03/2025 06:05:40 PM - INFO - Writing output file: /home/proteo/projects/TurboPutative-web/src/public/jobs/4eYOz8s8nD_pos/4_TPFilter.tsv
03/03/2025 06:05:40 PM - INFO - 1101.385s - End TPFilter
03/03/2025 06:05:40 PM - INFO - 1101.385s - Start PostProcesser
03/03/2025 06:05:40 PM - INFO - Table was added: CMM_pos.tsv
03/03/2025 06:05:40 PM - INFO - Table was added: TM_Table_pos.tsv
03/03/2025 06:05:40 PM - INFO - Reading table: 1_Tagger.tsv
03/03/2025 06:05:42 PM - INFO - Table read
03/03/2025 06:05:42 PM - INFO - Writing table: 1_Tagger.tsv
03/03/2025 06:05:45 PM - INFO - Table written
03/03/2025 06:05:45 PM - INFO - Table was added: 1_Tagger.tsv
03/03/2025 06:05:45 PM - INFO - Reading table: 2_REname.tsv
03/03/2025 06:05:45 PM - INFO - Table read
03/03/2025 06:05:45 PM - INFO - Writing table: 2_REname.tsv
03/03/2025 06:05:46 PM - INFO - Table written
03/03/2025 06:05:46 PM - INFO - Table was added: 2_REname.tsv
03/03/2025 06:05:46 PM - INFO - Reading table: 3_RowMerger.tsv
03/03/2025 06:05:46 PM - INFO - Table read
03/03/2025 06:05:46 PM - INFO - Writing table: 3_RowMerger.tsv
03/03/2025 06:05:47 PM - INFO - Table written
03/03/2025 06:05:47 PM - INFO - Table was added: 3_RowMerger.tsv
03/03/2025 06:05:47 PM - INFO - Reading table: 4_TPMetrics.tsv
03/03/2025 06:05:47 PM - INFO - Table read
03/03/2025 06:05:47 PM - INFO - Writing table: 4_TPMetrics.tsv
03/03/2025 06:05:48 PM - INFO - Table written
03/03/2025 06:05:48 PM - INFO - Table was added: 4_TPMetrics.tsv
03/03/2025 06:05:48 PM - INFO - Reading table: 4_TPFilter.tsv
03/03/2025 06:05:48 PM - INFO - Table read
03/03/2025 06:05:48 PM - INFO - Writing table: 4_TPFilter.tsv
03/03/2025 06:05:49 PM - INFO - Table written
03/03/2025 06:05:49 PM - INFO - Table was added: 4_TPFilter.tsv
03/03/2025 06:05:49 PM - INFO - Final tables were generated
03/03/2025 06:05:49 PM - INFO - Make a zip with all result files
03/03/2025 06:05:50 PM - INFO - Zip was created: TurboPutative_results.zip
03/03/2025 06:05:50 PM - INFO - 1110.6s - End PostProcesser
03/03/2025 06:05:50 PM - INFO - Creating extension folder: ini
03/03/2025 06:05:50 PM - INFO - Move file to ini folder: regex.ini
03/03/2025 06:05:50 PM - INFO - Move file to ini folder: configUser.ini
03/03/2025 06:05:50 PM - INFO - Move file to ini folder: configFile.ini
03/03/2025 06:05:50 PM - INFO - Creating extension folder: tsv
03/03/2025 06:05:50 PM - INFO - Move file to tsv folder: preProcessedTable.tsv
03/03/2025 06:05:50 PM - INFO - Move file to tsv folder: TM_table.tsv
03/03/2025 06:05:50 PM - INFO - Move file to tsv folder: 1_Tagger.tsv
03/03/2025 06:05:50 PM - INFO - Move file to tsv folder: Pre_REname_Table.tsv
03/03/2025 06:05:50 PM - INFO - Move file to tsv folder: 2_REname.tsv
03/03/2025 06:05:50 PM - INFO - Move file to tsv folder: 3_RowMerger.tsv
03/03/2025 06:05:50 PM - INFO - Move file to tsv folder: 4_TableMerger.tsv
03/03/2025 06:05:50 PM - INFO - Move file to tsv folder: 4_TPMetrics.tsv
03/03/2025 06:05:50 PM - INFO - Move file to tsv folder: 4_TPFilter.tsv
03/03/2025 06:05:50 PM - INFO - Creating extension folder: html
03/03/2025 06:05:50 PM - INFO - Move file to html folder: CMM_pos.html
03/03/2025 06:05:50 PM - INFO - Move file to html folder: TM_Table_pos.html
03/03/2025 06:05:50 PM - INFO - Move file to html folder: 1_Tagger_CMM_pos.html
03/03/2025 06:05:50 PM - INFO - Move file to html folder: 2_REname_CMM_pos.html
03/03/2025 06:05:50 PM - INFO - Move file to html folder: 3_RowMerger_CMM_pos.html
03/03/2025 06:05:50 PM - INFO - Move file to html folder: 4_TPMetrics_CMM_pos.html
03/03/2025 06:05:50 PM - INFO - Move file to html folder: 4_TPFilter_CMM_pos.html
03/03/2025 06:05:50 PM - INFO - Creating extension folder: row
03/03/2025 06:05:50 PM - INFO - Move file to row folder: CMM_pos.row
03/03/2025 06:05:50 PM - INFO - Move file to row folder: TM_Table_pos.row
03/03/2025 06:05:50 PM - INFO - Move file to row folder: 1_Tagger_CMM_pos.row
03/03/2025 06:05:50 PM - INFO - Move file to row folder: 2_REname_CMM_pos.row
03/03/2025 06:05:50 PM - INFO - Move file to row folder: 3_RowMerger_CMM_pos.row
03/03/2025 06:05:50 PM - INFO - Move file to row folder: 4_TPMetrics_CMM_pos.row
03/03/2025 06:05:50 PM - INFO - Move file to row folder: 4_TPFilter_CMM_pos.row
03/03/2025 06:05:50 PM - INFO - Creating extension folder: json
03/03/2025 06:05:50 PM - INFO - Move file to json folder: type2basename.json
03/03/2025 06:05:50 PM - INFO - Creating extension folder: log
03/03/2025 06:05:50 PM - INFO - Move file to log folder: TPGoslin.log
03/03/2025 06:05:50 PM - INFO - 1110.707s - end script
